[2026-09-19 10:53:59] INFO: Fetched (200) <GET https://docs.midnight.network/api-reference/compact-runtime/functions/copyCircuitContext> (referer: https://www.google.com/)
[2026-09-19 10:53:59] INFO: Fetched (200) <GET https://docs.midnight.network/api-reference/compact-runtime/functions/createCircuitContext> (referer: https://www.google.com/)
[2026-09-19 10:54:00] INFO: Fetched (200) <GET https://docs.midnight.network/api-reference/compact-runtime/functions/createWitnessContext> (referer: https://www.google.com/)
[2026-09-19 10:54:01] INFO: Fetched (200) <GET https://docs.midnight.network/api-reference/compact-runtime/interfaces/CircuitContext> (referer: https://www.google.com/)
[2026-09-19 10:54:01] INFO: Fetched (200) <GET https://docs.midnight.network/api-reference/compact-runtime/interfaces/WitnessContext> (referer: https://www.google.com/)
[2026-09-19 10:54:02] INFO: Fetched (200) <GET https://docs.midnight.network/api-reference/midnight-indexer/types/enums/transaction-result-status> (referer: https://www.google.com/)
[2026-09-19 10:54:02] INFO: Fetched (200) <GET https://docs.midnight.network/api-reference/midnight-indexer/types/objects/transaction-result> (referer: https://www.google.com/)
[2026-09-19 10:54:03] INFO: Fetched (200) <GET https://docs.midnight.network/api-reference/midnight-js/@midnight-ntwrk/midnight-js-level-private-state-provider> (referer: https://www.google.com/)
[2026-09-19 10:54:04] INFO: Fetched (200) <GET https://docs.midnight.network/api-reference/midnight-js/@midnight-ntwrk/midnight-js-level-private-state-provider/classes/StorageEncryption> (referer: https://www.google.com/)
[2026-09-19 10:54:04] INFO: Fetched (200) <GET https://docs.midnight.network/api-reference/midnight-js/@midnight-ntwrk/midnight-js-level-private-state-provider/functions/decryptValue> (referer: https://www.google.com/)
[2026-09-19 10:54:05] INFO: Fetched (200) <GET https://docs.midnight.network/api-reference/midnight-js/@midnight-ntwrk/midnight-js-level-private-state-provider/functions/levelPrivateStateProvider> (referer: https://www.google.com/)
[2026-09-19 10:54:06] INFO: Fetched (200) <GET https://docs.midnight.network/api-reference/midnight-js/@midnight-ntwrk/midnight-js-level-private-state-provider/functions/migrateToAccountScoped> (referer: https://www.google.com/)
[2026-09-19 10:54:06] INFO: Fetched (200) <GET https://docs.midnight.network/api-reference/midnight-js/@midnight-ntwrk/midnight-js-level-private-state-provider/interfaces/CryptoBackend> (referer: https://www.google.com/)
[2026-09-19 10:54:07] INFO: Fetched (200) <GET https://docs.midnight.network/api-reference/midnight-js/@midnight-ntwrk/midnight-js-level-private-state-provider/interfaces/LevelPrivateStateProviderConfig> (referer: https://www.google.com/)
[2026-09-19 10:54:08] INFO: Fetched (200) <GET https://docs.midnight.network/api-reference/midnight-js/@midnight-ntwrk/midnight-js-level-private-state-provider/interfaces/MigrationResult> (referer: https://www.google.com/)
[2026-09-19 10:54:08] INFO: Fetched (200) <GET https://docs.midnight.network/api-reference/midnight-js/@midnight-ntwrk/midnight-js-level-private-state-provider/interfaces/PasswordRotationOptions> (referer: https://www.google.com/)
[2026-09-19 10:54:09] INFO: Fetched (200) <GET https://docs.midnight.network/api-reference/midnight-js/@midnight-ntwrk/midnight-js-level-private-state-provider/interfaces/PasswordRotationResult> (referer: https://www.google.com/)
[2026-09-19 10:54:10] INFO: Fetched (200) <GET https://docs.midnight.network/api-reference/midnight-js/@midnight-ntwrk/midnight-js-level-private-state-provider/interfaces/StorageEncryptionOptions> (referer: https://www.google.com/)
[2026-09-19 10:54:10] INFO: Fetched (200) <GET https://docs.midnight.network/api-reference/midnight-js/@midnight-ntwrk/midnight-js-level-private-state-provider/type-aliases/CryptoBackendType> (referer: https://www.google.com/)
[2026-09-19 10:54:11] INFO: Fetched (200) <GET https://docs.midnight.network/api-reference/midnight-js/@midnight-ntwrk/midnight-js-level-private-state-provider/type-aliases/DatabaseLevel> (referer: https://www.google.com/)
[2026-09-19 10:54:12] INFO: Fetched (200) <GET https://docs.midnight.network/api-reference/midnight-js/@midnight-ntwrk/midnight-js-level-private-state-provider/type-aliases/LevelFactory> (referer: https://www.google.com/)
[2026-09-19 10:54:12] INFO: Fetched (200) <GET https://docs.midnight.network/api-reference/midnight-js/@midnight-ntwrk/midnight-js-level-private-state-provider/type-aliases/PrivateStoragePasswordProvider> (referer: https://www.google.com/)
[2026-09-19 10:54:13] INFO: Fetched (200) <GET https://docs.midnight.network/api-reference/midnight-js/@midnight-ntwrk/midnight-js-level-private-state-provider/variables/DEFAULT_CONFIG> (referer: https://www.google.com/)
[2026-09-19 10:54:13] INFO: Fetched (200) <GET https://docs.midnight.network/api-reference/midnight-js/@midnight-ntwrk/midnight-js-types/classes/ExportDecryptionError> (referer: https://www.google.com/)
[2026-09-19 10:54:14] INFO: Fetched (200) <GET https://docs.midnight.network/api-reference/midnight-js/@midnight-ntwrk/midnight-js-types/classes/ImportConflictError> (referer: https://www.google.com/)
[2026-09-19 10:54:15] INFO: Fetched (200) <GET https://docs.midnight.network/api-reference/midnight-js/@midnight-ntwrk/midnight-js-types/classes/InvalidExportFormatError> (referer: https://www.google.com/)
[2026-09-19 10:54:15] INFO: Fetched (200) <GET https://docs.midnight.network/api-reference/midnight-js/@midnight-ntwrk/midnight-js-types/classes/InvalidProtocolSchemeError> (referer: https://www.google.com/)
[2026-09-19 10:54:16] INFO: Fetched (200) <GET https://docs.midnight.network/api-reference/midnight-js/@midnight-ntwrk/midnight-js-types/classes/PrivateStateExportError> (referer: https://www.google.com/)
[2026-09-19 10:54:17] INFO: Fetched (200) <GET https://docs.midnight.network/api-reference/midnight-js/@midnight-ntwrk/midnight-js-types/classes/PrivateStateImportError> (referer: https://www.google.com/)
[2026-09-19 10:54:17] INFO: Fetched (200) <GET https://docs.midnight.network/api-reference/midnight-js/@midnight-ntwrk/midnight-js-types/classes/SigningKeyExportError> (referer: https://www.google.com/)
[2026-09-19 10:54:18] INFO: Fetched (200) <GET https://docs.midnight.network/api-reference/midnight-js/@midnight-ntwrk/midnight-js-types/classes/ZKConfigProvider> (referer: https://www.google.com/)
[2026-09-19 10:54:19] INFO: Fetched (200) <GET https://docs.midnight.network/api-reference/midnight-js/@midnight-ntwrk/midnight-js-types/enumerations/LogLevel> (referer: https://www.google.com/)
[2026-09-19 10:54:19] INFO: Fetched (200) <GET https://docs.midnight.network/api-reference/midnight-js/@midnight-ntwrk/midnight-js-types/functions/asContractAddress> (referer: https://www.google.com/)
[2026-09-19 10:54:20] INFO: Fetched (200) <GET https://docs.midnight.network/api-reference/midnight-js/@midnight-ntwrk/midnight-js-types/functions/asEffectOption> (referer: https://www.google.com/)
[2026-09-19 10:54:20] INFO: Fetched (200) <GET https://docs.midnight.network/api-reference/midnight-js/@midnight-ntwrk/midnight-js-types/functions/createProofProvider> (referer: https://www.google.com/)
[2026-09-19 10:54:21] INFO: Fetched (200) <GET https://docs.midnight.network/api-reference/midnight-js/@midnight-ntwrk/midnight-js-types/functions/createProverKey> (referer: https://www.google.com/)
[2026-09-19 10:54:22] INFO: Fetched (200) <GET https://docs.midnight.network/api-reference/midnight-js/@midnight-ntwrk/midnight-js-types/functions/createVerifierKey> (referer: https://www.google.com/)
[2026-09-19 10:54:22] INFO: Fetched (200) <GET https://docs.midnight.network/api-reference/midnight-js/@midnight-ntwrk/midnight-js-types/functions/createZKIR> (referer: https://www.google.com/)
[2026-09-19 10:54:23] INFO: Fetched (200) <GET https://docs.midnight.network/api-reference/midnight-js/@midnight-ntwrk/midnight-js-types/functions/zkConfigToProvingKeyMaterial> (referer: https://www.google.com/)
[2026-09-19 10:54:24] INFO: Fetched (200) <GET https://docs.midnight.network/api-reference/midnight-js/@midnight-ntwrk/midnight-js-types/interfaces/ExportPrivateStatesOptions> (referer: https://www.google.com/)
[2026-09-19 10:54:24] INFO: Fetched (200) <GET https://docs.midnight.network/api-reference/midnight-js/@midnight-ntwrk/midnight-js-types/interfaces/ExportSigningKeysOptions> (referer: https://www.google.com/)
[2026-09-19 10:54:25] INFO: Fetched (200) <GET https://docs.midnight.network/api-reference/midnight-js/@midnight-ntwrk/midnight-js-types/interfaces/FinalizedTxData> (referer: https://www.google.com/)
[2026-09-19 10:54:25] INFO: Fetched (200) <GET https://docs.midnight.network/api-reference/midnight-js/@midnight-ntwrk/midnight-js-types/interfaces/ImportPrivateStatesOptions> (referer: https://www.google.com/)
[2026-09-19 10:54:26] INFO: Fetched (200) <GET https://docs.midnight.network/api-reference/midnight-js/@midnight-ntwrk/midnight-js-types/interfaces/ImportPrivateStatesResult> (referer: https://www.google.com/)
[2026-09-19 10:54:27] INFO: Fetched (200) <GET https://docs.midnight.network/api-reference/midnight-js/@midnight-ntwrk/midnight-js-types/interfaces/ImportSigningKeysOptions> (referer: https://www.google.com/)
[2026-09-19 10:54:27] INFO: Fetched (200) <GET https://docs.midnight.network/api-reference/midnight-js/@midnight-ntwrk/midnight-js-types/interfaces/ImportSigningKeysResult> (referer: https://www.google.com/)
[2026-09-19 10:54:28] INFO: Fetched (200) <GET https://docs.midnight.network/api-reference/midnight-js/@midnight-ntwrk/midnight-js-types/interfaces/LoggerProvider> (referer: https://www.google.com/)
[2026-09-19 10:54:29] INFO: Fetched (200) <GET https://docs.midnight.network/api-reference/midnight-js/@midnight-ntwrk/midnight-js-types/interfaces/MidnightProvider> (referer: https://www.google.com/)
[2026-09-19 10:54:29] INFO: Fetched (200) <GET https://docs.midnight.network/api-reference/midnight-js/@midnight-ntwrk/midnight-js-types/interfaces/MidnightProviders> (referer: https://www.google.com/)
[2026-09-19 10:54:30] INFO: Fetched (200) <GET https://docs.midnight.network/api-reference/midnight-js/@midnight-ntwrk/midnight-js-types/interfaces/PrivateStateExport> (referer: https://www.google.com/)
[2026-09-19 10:54:31] INFO: Fetched (200) <GET https://docs.midnight.network/api-reference/midnight-js/@midnight-ntwrk/midnight-js-types/interfaces/PrivateStateProvider> (referer: https://www.google.com/)
[2026-09-19 10:54:31] INFO: Fetched (200) <GET https://docs.midnight.network/api-reference/midnight-js/@midnight-ntwrk/midnight-js-types/interfaces/ProofProvider> (referer: https://www.google.com/)
[2026-09-19 10:54:32] INFO: Fetched (200) <GET https://docs.midnight.network/api-reference/midnight-js/@midnight-ntwrk/midnight-js-types/interfaces/ProveTxConfig> (referer: https://www.google.com/)
[2026-09-19 10:54:33] INFO: Fetched (200) <GET https://docs.midnight.network/api-reference/midnight-js/@midnight-ntwrk/midnight-js-types/interfaces/PublicDataProvider> (referer: https://www.google.com/)
[2026-09-19 10:54:33] INFO: Fetched (200) <GET https://docs.midnight.network/api-reference/midnight-js/@midnight-ntwrk/midnight-js-types/interfaces/SigningKeyExport> (referer: https://www.google.com/)
[2026-09-19 10:54:34] INFO: Fetched (200) <GET https://docs.midnight.network/api-reference/midnight-js/@midnight-ntwrk/midnight-js-types/interfaces/WalletProvider> (referer: https://www.google.com/)
[2026-09-19 10:54:34] INFO: Fetched (200) <GET https://docs.midnight.network/api-reference/midnight-js/@midnight-ntwrk/midnight-js-types/interfaces/ZKConfig> (referer: https://www.google.com/)
[2026-09-19 10:54:35] INFO: Fetched (200) <GET https://docs.midnight.network/api-reference/midnight-js/@midnight-ntwrk/midnight-js-types/type-aliases/All> (referer: https://www.google.com/)
[2026-09-19 10:54:36] INFO: Fetched (200) <GET https://docs.midnight.network/api-reference/midnight-js/@midnight-ntwrk/midnight-js-types/type-aliases/AnyPrivateState> (referer: https://www.google.com/)
[2026-09-19 10:54:36] INFO: Fetched (200) <GET https://docs.midnight.network/api-reference/midnight-js/@midnight-ntwrk/midnight-js-types/type-aliases/AnyProvableCircuitId> (referer: https://www.google.com/)
[2026-09-19 10:54:37] INFO: Fetched (200) <GET https://docs.midnight.network/api-reference/midnight-js/@midnight-ntwrk/midnight-js-types/type-aliases/BlockHash> (referer: https://www.google.com/)
[2026-09-19 10:54:37] INFO: Fetched (200) <GET https://docs.midnight.network/api-reference/midnight-js/@midnight-ntwrk/midnight-js-types/type-aliases/BlockHashConfig> (referer: https://www.google.com/)
[2026-09-19 10:54:38] INFO: Fetched (200) <GET https://docs.midnight.network/api-reference/midnight-js/@midnight-ntwrk/midnight-js-types/type-aliases/BlockHeightConfig> (referer: https://www.google.com/)
[2026-09-19 10:54:39] INFO: Fetched (200) <GET https://docs.midnight.network/api-reference/midnight-js/@midnight-ntwrk/midnight-js-types/type-aliases/ContractExecutableRuntimeOptions> (referer: https://www.google.com/)
[2026-09-19 10:54:39] INFO: Fetched (200) <GET https://docs.midnight.network/api-reference/midnight-js/@midnight-ntwrk/midnight-js-types/type-aliases/ContractStateObservableConfig> (referer: https://www.google.com/)
[2026-09-19 10:54:40] INFO: Fetched (200) <GET https://docs.midnight.network/api-reference/midnight-js/@midnight-ntwrk/midnight-js-types/type-aliases/Fees> (referer: https://www.google.com/)
[2026-09-19 10:54:41] INFO: Fetched (200) <GET https://docs.midnight.network/api-reference/midnight-js/@midnight-ntwrk/midnight-js-types/type-aliases/KeyMaterialProvider> (referer: https://www.google.com/)
[2026-09-19 10:54:41] INFO: Fetched (200) <GET https://docs.midnight.network/api-reference/midnight-js/@midnight-ntwrk/midnight-js-types/type-aliases/Latest> (referer: https://www.google.com/)
[2026-09-19 10:54:42] INFO: Fetched (200) <GET https://docs.midnight.network/api-reference/midnight-js/@midnight-ntwrk/midnight-js-types/type-aliases/PrivateStateId> (referer: https://www.google.com/)
[2026-09-19 10:54:43] INFO: Fetched (200) <GET https://docs.midnight.network/api-reference/midnight-js/@midnight-ntwrk/midnight-js-types/type-aliases/PrivateStateImportErrorCause> (referer: https://www.google.com/)
[2026-09-19 10:54:43] INFO: Fetched (200) <GET https://docs.midnight.network/api-reference/midnight-js/@midnight-ntwrk/midnight-js-types/type-aliases/ProverKey> (referer: https://www.google.com/)
[2026-09-19 10:54:44] INFO: Fetched (200) <GET https://docs.midnight.network/api-reference/midnight-js/@midnight-ntwrk/midnight-js-types/type-aliases/SegmentStatus> (referer: https://www.google.com/)
[2026-09-19 10:54:45] INFO: Fetched (200) <GET https://docs.midnight.network/api-reference/midnight-js/@midnight-ntwrk/midnight-js-types/type-aliases/TxIdConfig> (referer: https://www.google.com/)
[2026-09-19 10:54:45] INFO: Fetched (200) <GET https://docs.midnight.network/api-reference/midnight-js/@midnight-ntwrk/midnight-js-types/type-aliases/TxStatus> (referer: https://www.google.com/)
[2026-09-19 10:54:46] INFO: Fetched (200) <GET https://docs.midnight.network/api-reference/midnight-js/@midnight-ntwrk/midnight-js-types/type-aliases/UnboundTransaction> (referer: https://www.google.com/)
[2026-09-19 10:54:47] INFO: Fetched (200) <GET https://docs.midnight.network/api-reference/midnight-js/@midnight-ntwrk/midnight-js-types/type-aliases/UnshieldedBalance> (referer: https://www.google.com/)
[2026-09-19 10:54:47] INFO: Fetched (200) <GET https://docs.midnight.network/api-reference/midnight-js/@midnight-ntwrk/midnight-js-types/type-aliases/UnshieldedBalances> (referer: https://www.google.com/)
[2026-09-19 10:54:48] INFO: Fetched (200) <GET https://docs.midnight.network/api-reference/midnight-js/@midnight-ntwrk/midnight-js-types/type-aliases/UnshieldedUtxo> (referer: https://www.google.com/)
[2026-09-19 10:54:48] INFO: Fetched (200) <GET https://docs.midnight.network/api-reference/midnight-js/@midnight-ntwrk/midnight-js-types/type-aliases/UnshieldedUtxos> (referer: https://www.google.com/)
[2026-09-19 10:54:49] INFO: Fetched (200) <GET https://docs.midnight.network/api-reference/midnight-js/@midnight-ntwrk/midnight-js-types/type-aliases/VerifierKey> (referer: https://www.google.com/)
[2026-09-19 10:54:50] INFO: Fetched (200) <GET https://docs.midnight.network/api-reference/midnight-js/@midnight-ntwrk/midnight-js-types/type-aliases/ZKIR> (referer: https://www.google.com/)
[2026-09-19 10:54:50] INFO: Fetched (200) <GET https://docs.midnight.network/api-reference/midnight-js/@midnight-ntwrk/midnight-js-types/variables/FailEntirely> (referer: https://www.google.com/)
[2026-09-19 10:54:51] INFO: Fetched (200) <GET https://docs.midnight.network/api-reference/midnight-js/@midnight-ntwrk/midnight-js-types/variables/FailFallible> (referer: https://www.google.com/)
[2026-09-19 10:54:51] INFO: Fetched (200) <GET https://docs.midnight.network/api-reference/midnight-js/@midnight-ntwrk/midnight-js-types/variables/MAX_EXPORT_SIGNING_KEYS> (referer: https://www.google.com/)
[2026-09-19 10:54:52] INFO: Fetched (200) <GET https://docs.midnight.network/api-reference/midnight-js/@midnight-ntwrk/midnight-js-types/variables/MAX_EXPORT_STATES> (referer: https://www.google.com/)
[2026-09-19 10:54:53] INFO: Fetched (200) <GET https://docs.midnight.network/api-reference/midnight-js/@midnight-ntwrk/midnight-js-types/variables/SegmentFail> (referer: https://www.google.com/)
[2026-09-19 10:54:54] INFO: Fetched (200) <GET https://docs.midnight.network/api-reference/midnight-js/@midnight-ntwrk/midnight-js-types/variables/SegmentSuccess> (referer: https://www.google.com/)
[2026-09-19 10:54:54] INFO: Fetched (200) <GET https://docs.midnight.network/api-reference/midnight-js/@midnight-ntwrk/midnight-js-types/variables/SucceedEntirely> (referer: https://www.google.com/)
[2026-09-19 10:54:55] INFO: Fetched (200) <GET https://docs.midnight.network/api-reference/midnight-js/@midnight-ntwrk/midnight-js-types/variables/exitResultOrError> (referer: https://www.google.com/)
[2026-09-19 10:54:56] INFO: Fetched (200) <GET https://docs.midnight.network/api-reference/midnight-js/@midnight-ntwrk/midnight-js-types/variables/makeContractExecutableRuntime> (referer: https://www.google.com/)
[2026-09-19 10:54:56] INFO: Fetched (200) <GET https://docs.midnight.network/compact/compilation-and-tooling/compiler-usage> (referer: https://www.google.com/)
[2026-09-19 10:54:57] INFO: Fetched (200) <GET https://docs.midnight.network/compact/compilation-and-tooling/dev-tool-usage> (referer: https://www.google.com/)
[2026-09-19 10:54:57] INFO: Fetched (200) <GET https://docs.midnight.network/compact/compilation-and-tooling/fixup-usage> (referer: https://www.google.com/)
[2026-09-19 10:54:58] INFO: Fetched (200) <GET https://docs.midnight.network/compact/compilation-and-tooling/formatter-usage> (referer: https://www.google.com/)
[2026-09-19 10:54:59] INFO: Fetched (200) <GET https://docs.midnight.network/compact/compilation-and-tooling/neovim-setup> (referer: https://www.google.com/)
[2026-09-19 10:54:59] INFO: Fetched (200) <GET https://docs.midnight.network/compact/compilation-and-tooling/vscode-plugin> (referer: https://www.google.com/)
[2026-09-19 10:55:00] INFO: Fetched (200) <GET https://docs.midnight.network/compact/data-types/ledger-adt> (referer: https://www.google.com/)
[2026-09-19 10:55:00] INFO: Fetched (200) <GET https://docs.midnight.network/compact/data-types/opaque_data> (referer: https://www.google.com/)
[2026-09-19 10:55:01] INFO: Fetched (200) <GET https://docs.midnight.network/compact/reference/compact-grammar> (referer: https://www.google.com/)
[2026-09-19 10:55:02] INFO: Fetched (200) <GET https://docs.midnight.network/compact/reference/compact-keywords> (referer: https://www.google.com/)
Traceback (most recent call last):
  File "/home/charl/WitnessProtectionProgram/research/midnight-docs/collect.py", line 33, in <module>
    rows.append(row);(ROOT/'manifest.json').write_text(json.dumps(rows,indent=2)+'\n');time.sleep(.4)
                                                                                       ~~~~~~~~~~^^^^
KeyboardInterrupt
