[2026-09-19 10:55:44] INFO: Fetched (200) <GET https://raw.githubusercontent.com/midnightntwrk/midnight-docs/7cd3bc1681699b41d5a856f7ab2efd9892c27166/LICENSE> (referer: https://www.google.com/)
[2026-09-19 10:55:45] INFO: Fetched (200) <GET https://raw.githubusercontent.com/midnightntwrk/midnight-docs/7cd3bc1681699b41d5a856f7ab2efd9892c27166/docs/compact/compilation-and-tooling/compiler-usage.mdx> (referer: https://www.google.com/)
[2026-09-19 10:55:46] INFO: Fetched (200) <GET https://raw.githubusercontent.com/midnightntwrk/midnight-docs/7cd3bc1681699b41d5a856f7ab2efd9892c27166/docs/compact/compilation-and-tooling/dev-tool-usage.mdx> (referer: https://www.google.com/)
[2026-09-19 10:55:46] INFO: Fetched (200) <GET https://raw.githubusercontent.com/midnightntwrk/midnight-docs/7cd3bc1681699b41d5a856f7ab2efd9892c27166/docs/compact/compilation-and-tooling/fixup-usage.mdx> (referer: https://www.google.com/)
[2026-09-19 10:55:47] INFO: Fetched (200) <GET https://raw.githubusercontent.com/midnightntwrk/midnight-docs/7cd3bc1681699b41d5a856f7ab2efd9892c27166/docs/compact/compilation-and-tooling/formatter-usage.mdx> (referer: https://www.google.com/)
[2026-09-19 10:55:47] INFO: Fetched (200) <GET https://raw.githubusercontent.com/midnightntwrk/midnight-docs/7cd3bc1681699b41d5a856f7ab2efd9892c27166/docs/compact/compilation-and-tooling/neovim-setup.mdx> (referer: https://www.google.com/)
[2026-09-19 10:55:48] INFO: Fetched (200) <GET https://raw.githubusercontent.com/midnightntwrk/midnight-docs/7cd3bc1681699b41d5a856f7ab2efd9892c27166/docs/compact/compilation-and-tooling/vscode-plugin.mdx> (referer: https://www.google.com/)
[2026-09-19 10:55:48] INFO: Fetched (200) <GET https://raw.githubusercontent.com/midnightntwrk/midnight-docs/7cd3bc1681699b41d5a856f7ab2efd9892c27166/docs/compact/data-types/ledger-adt.mdx> (referer: https://www.google.com/)
[2026-09-19 10:55:49] INFO: Fetched (200) <GET https://raw.githubusercontent.com/midnightntwrk/midnight-docs/7cd3bc1681699b41d5a856f7ab2efd9892c27166/docs/compact/data-types/opaque_data.mdx> (referer: https://www.google.com/)
[2026-09-19 10:55:50] INFO: Fetched (200) <GET https://raw.githubusercontent.com/midnightntwrk/midnight-docs/7cd3bc1681699b41d5a856f7ab2efd9892c27166/docs/compact/index.mdx> (referer: https://www.google.com/)
[2026-09-19 10:55:50] INFO: Fetched (200) <GET https://raw.githubusercontent.com/midnightntwrk/midnight-docs/7cd3bc1681699b41d5a856f7ab2efd9892c27166/docs/compact/reference/_index.mdx> (referer: https://www.google.com/)
[2026-09-19 10:55:51] INFO: Fetched (200) <GET https://raw.githubusercontent.com/midnightntwrk/midnight-docs/7cd3bc1681699b41d5a856f7ab2efd9892c27166/docs/compact/reference/compact-grammar.mdx> (referer: https://www.google.com/)
[2026-09-19 10:55:52] INFO: Fetched (200) <GET https://raw.githubusercontent.com/midnightntwrk/midnight-docs/7cd3bc1681699b41d5a856f7ab2efd9892c27166/docs/compact/reference/compact-keywords.mdx> (referer: https://www.google.com/)
[2026-09-19 10:55:52] INFO: Fetched (200) <GET https://raw.githubusercontent.com/midnightntwrk/midnight-docs/7cd3bc1681699b41d5a856f7ab2efd9892c27166/docs/compact/reference/compact-reference.mdx> (referer: https://www.google.com/)
[2026-09-19 10:55:53] INFO: Fetched (200) <GET https://raw.githubusercontent.com/midnightntwrk/midnight-docs/7cd3bc1681699b41d5a856f7ab2efd9892c27166/docs/compact/reference/explicit-disclosure.mdx> (referer: https://www.google.com/)
[2026-09-19 10:55:53] INFO: Fetched (200) <GET https://raw.githubusercontent.com/midnightntwrk/midnight-docs/7cd3bc1681699b41d5a856f7ab2efd9892c27166/docs/compact/reference/ledger-adt.mdx> (referer: https://www.google.com/)
[2026-09-19 10:55:54] INFO: Fetched (200) <GET https://raw.githubusercontent.com/midnightntwrk/midnight-docs/7cd3bc1681699b41d5a856f7ab2efd9892c27166/docs/compact/reference/writing.mdx> (referer: https://www.google.com/)
[2026-09-19 10:55:55] INFO: Fetched (200) <GET https://raw.githubusercontent.com/midnightntwrk/midnight-docs/7cd3bc1681699b41d5a856f7ab2efd9892c27166/docs/compact/smart-contract-security.mdx> (referer: https://www.google.com/)
[2026-09-19 10:55:55] INFO: Fetched (200) <GET https://raw.githubusercontent.com/midnightntwrk/midnight-docs/7cd3bc1681699b41d5a856f7ab2efd9892c27166/docs/compact/standard-library/README.md> (referer: https://www.google.com/)
[2026-09-19 10:55:56] INFO: Fetched (200) <GET https://raw.githubusercontent.com/midnightntwrk/midnight-docs/7cd3bc1681699b41d5a856f7ab2efd9892c27166/docs/compact/standard-library/exports.md> (referer: https://www.google.com/)
[2026-09-19 10:55:57] INFO: Fetched (200) <GET https://raw.githubusercontent.com/midnightntwrk/midnight-docs/7cd3bc1681699b41d5a856f7ab2efd9892c27166/docs/compact/test-and-debug.mdx> (referer: https://www.google.com/)
[2026-09-19 10:55:57] INFO: Fetched (200) <GET https://raw.githubusercontent.com/midnightntwrk/midnight-docs/7cd3bc1681699b41d5a856f7ab2efd9892c27166/docs/concepts/_security/guarantees-and-limitations.mdx> (referer: https://www.google.com/)
[2026-09-19 10:55:58] INFO: Fetched (200) <GET https://raw.githubusercontent.com/midnightntwrk/midnight-docs/7cd3bc1681699b41d5a856f7ab2efd9892c27166/docs/concepts/_security/security.mdx> (referer: https://www.google.com/)
[2026-09-19 10:55:58] INFO: Fetched (200) <GET https://raw.githubusercontent.com/midnightntwrk/midnight-docs/7cd3bc1681699b41d5a856f7ab2efd9892c27166/docs/concepts/account.mdx> (referer: https://www.google.com/)
[2026-09-19 10:55:59] INFO: Fetched (200) <GET https://raw.githubusercontent.com/midnightntwrk/midnight-docs/7cd3bc1681699b41d5a856f7ab2efd9892c27166/docs/concepts/blockchain-space-tokenization.mdx> (referer: https://www.google.com/)
[2026-09-19 10:55:59] INFO: Fetched (200) <GET https://raw.githubusercontent.com/midnightntwrk/midnight-docs/7cd3bc1681699b41d5a856f7ab2efd9892c27166/docs/concepts/dual-component-tokenomics.mdx> (referer: https://www.google.com/)
[2026-09-19 10:56:00] INFO: Fetched (200) <GET https://raw.githubusercontent.com/midnightntwrk/midnight-docs/7cd3bc1681699b41d5a856f7ab2efd9892c27166/docs/concepts/dust-architecture.mdx> (referer: https://www.google.com/)
[2026-09-19 10:56:00] INFO: Fetched (200) <GET https://raw.githubusercontent.com/midnightntwrk/midnight-docs/7cd3bc1681699b41d5a856f7ab2efd9892c27166/docs/concepts/fully-homomorphic-encryption.mdx> (referer: https://www.google.com/)
[2026-09-19 10:56:01] INFO: Fetched (200) <GET https://raw.githubusercontent.com/midnightntwrk/midnight-docs/7cd3bc1681699b41d5a856f7ab2efd9892c27166/docs/concepts/how-midnight-works/_circuit_constraints.mdx> (referer: https://www.google.com/)
[2026-09-19 10:56:02] INFO: Fetched (200) <GET https://raw.githubusercontent.com/midnightntwrk/midnight-docs/7cd3bc1681699b41d5a856f7ab2efd9892c27166/docs/concepts/how-midnight-works/_circuit_example.mdx> (referer: https://www.google.com/)
[2026-09-19 10:56:02] INFO: Fetched (200) <GET https://raw.githubusercontent.com/midnightntwrk/midnight-docs/7cd3bc1681699b41d5a856f7ab2efd9892c27166/docs/concepts/how-midnight-works/_ledger_assignments.mdx> (referer: https://www.google.com/)
[2026-09-19 10:56:03] INFO: Fetched (200) <GET https://raw.githubusercontent.com/midnightntwrk/midnight-docs/7cd3bc1681699b41d5a856f7ab2efd9892c27166/docs/concepts/how-midnight-works/_ledger_example.mdx> (referer: https://www.google.com/)
[2026-09-19 10:56:03] INFO: Fetched (200) <GET https://raw.githubusercontent.com/midnightntwrk/midnight-docs/7cd3bc1681699b41d5a856f7ab2efd9892c27166/docs/concepts/how-midnight-works/_private_assignments.mdx> (referer: https://www.google.com/)
[2026-09-19 10:56:04] INFO: Fetched (200) <GET https://raw.githubusercontent.com/midnightntwrk/midnight-docs/7cd3bc1681699b41d5a856f7ab2efd9892c27166/docs/concepts/how-midnight-works/_private_example.mdx> (referer: https://www.google.com/)
[2026-09-19 10:56:04] INFO: Fetched (200) <GET https://raw.githubusercontent.com/midnightntwrk/midnight-docs/7cd3bc1681699b41d5a856f7ab2efd9892c27166/docs/concepts/how-midnight-works/building-blocks.mdx> (referer: https://www.google.com/)
[2026-09-19 10:56:05] INFO: Fetched (200) <GET https://raw.githubusercontent.com/midnightntwrk/midnight-docs/7cd3bc1681699b41d5a856f7ab2efd9892c27166/docs/concepts/how-midnight-works/compact-privacy-first-language.mdx> (referer: https://www.google.com/)
[2026-09-19 10:56:06] INFO: Fetched (200) <GET https://raw.githubusercontent.com/midnightntwrk/midnight-docs/7cd3bc1681699b41d5a856f7ab2efd9892c27166/docs/concepts/how-midnight-works/end-to-end-architecture.mdx> (referer: https://www.google.com/)
[2026-09-19 10:56:06] INFO: Fetched (200) <GET https://raw.githubusercontent.com/midnightntwrk/midnight-docs/7cd3bc1681699b41d5a856f7ab2efd9892c27166/docs/concepts/how-midnight-works/impact.mdx> (referer: https://www.google.com/)
[2026-09-19 10:56:07] INFO: Fetched (200) <GET https://raw.githubusercontent.com/midnightntwrk/midnight-docs/7cd3bc1681699b41d5a856f7ab2efd9892c27166/docs/concepts/how-midnight-works/keeping-data-private.mdx> (referer: https://www.google.com/)
[2026-09-19 10:56:07] INFO: Fetched (200) <GET https://raw.githubusercontent.com/midnightntwrk/midnight-docs/7cd3bc1681699b41d5a856f7ab2efd9892c27166/docs/concepts/how-midnight-works/midnight-combined-model.mdx> (referer: https://www.google.com/)
[2026-09-19 10:56:08] INFO: Fetched (200) <GET https://raw.githubusercontent.com/midnightntwrk/midnight-docs/7cd3bc1681699b41d5a856f7ab2efd9892c27166/docs/concepts/how-midnight-works/semantics.mdx> (referer: https://www.google.com/)
[2026-09-19 10:56:08] INFO: Fetched (200) <GET https://raw.githubusercontent.com/midnightntwrk/midnight-docs/7cd3bc1681699b41d5a856f7ab2efd9892c27166/docs/concepts/how-midnight-works/smart-contracts.mdx> (referer: https://www.google.com/)
[2026-09-19 10:56:09] INFO: Fetched (200) <GET https://raw.githubusercontent.com/midnightntwrk/midnight-docs/7cd3bc1681699b41d5a856f7ab2efd9892c27166/docs/concepts/how-midnight-works/zswap.mdx> (referer: https://www.google.com/)
[2026-09-19 10:56:10] INFO: Fetched (200) <GET https://raw.githubusercontent.com/midnightntwrk/midnight-docs/7cd3bc1681699b41d5a856f7ab2efd9892c27166/docs/concepts/how-privacy-blockchains-work.mdx> (referer: https://www.google.com/)
[2026-09-19 10:56:10] INFO: Fetched (200) <GET https://raw.githubusercontent.com/midnightntwrk/midnight-docs/7cd3bc1681699b41d5a856f7ab2efd9892c27166/docs/concepts/index.mdx> (referer: https://www.google.com/)
[2026-09-19 10:56:11] INFO: Fetched (200) <GET https://raw.githubusercontent.com/midnightntwrk/midnight-docs/7cd3bc1681699b41d5a856f7ab2efd9892c27166/docs/concepts/kachina.mdx> (referer: https://www.google.com/)
[2026-09-19 10:56:11] INFO: Fetched (200) <GET https://raw.githubusercontent.com/midnightntwrk/midnight-docs/7cd3bc1681699b41d5a856f7ab2efd9892c27166/docs/concepts/ledgers.mdx> (referer: https://www.google.com/)
[2026-09-19 10:56:12] INFO: Fetched (200) <GET https://raw.githubusercontent.com/midnightntwrk/midnight-docs/7cd3bc1681699b41d5a856f7ab2efd9892c27166/docs/concepts/network-architecture/consensus.mdx> (referer: https://www.google.com/)
[2026-09-19 10:56:12] INFO: Fetched (200) <GET https://raw.githubusercontent.com/midnightntwrk/midnight-docs/7cd3bc1681699b41d5a856f7ab2efd9892c27166/docs/concepts/network-architecture/cryptography.mdx> (referer: https://www.google.com/)
[2026-09-19 10:56:13] INFO: Fetched (200) <GET https://raw.githubusercontent.com/midnightntwrk/midnight-docs/7cd3bc1681699b41d5a856f7ab2efd9892c27166/docs/concepts/network-architecture/onchain-logic.mdx> (referer: https://www.google.com/)
[2026-09-19 10:56:13] INFO: Fetched (200) <GET https://raw.githubusercontent.com/midnightntwrk/midnight-docs/7cd3bc1681699b41d5a856f7ab2efd9892c27166/docs/concepts/network-architecture/p2p-networking.mdx> (referer: https://www.google.com/)
[2026-09-19 10:56:14] INFO: Fetched (200) <GET https://raw.githubusercontent.com/midnightntwrk/midnight-docs/7cd3bc1681699b41d5a856f7ab2efd9892c27166/docs/concepts/network-architecture/rpc-networking.mdx> (referer: https://www.google.com/)
[2026-09-19 10:56:14] INFO: Fetched (200) <GET https://raw.githubusercontent.com/midnightntwrk/midnight-docs/7cd3bc1681699b41d5a856f7ab2efd9892c27166/docs/concepts/network-architecture/storage.mdx> (referer: https://www.google.com/)
[2026-09-19 10:56:15] INFO: Fetched (200) <GET https://raw.githubusercontent.com/midnightntwrk/midnight-docs/7cd3bc1681699b41d5a856f7ab2efd9892c27166/docs/concepts/network-architecture/transactions.mdx> (referer: https://www.google.com/)
[2026-09-19 10:56:16] INFO: Fetched (200) <GET https://raw.githubusercontent.com/midnightntwrk/midnight-docs/7cd3bc1681699b41d5a856f7ab2efd9892c27166/docs/concepts/sidechains-partnerchains.mdx> (referer: https://www.google.com/)
[2026-09-19 10:56:16] INFO: Fetched (200) <GET https://raw.githubusercontent.com/midnightntwrk/midnight-docs/7cd3bc1681699b41d5a856f7ab2efd9892c27166/docs/concepts/utxo.mdx> (referer: https://www.google.com/)
[2026-09-19 10:56:17] INFO: Fetched (200) <GET https://raw.githubusercontent.com/midnightntwrk/midnight-docs/7cd3bc1681699b41d5a856f7ab2efd9892c27166/docs/concepts/web3.mdx> (referer: https://www.google.com/)
[2026-09-19 10:56:17] INFO: Fetched (200) <GET https://raw.githubusercontent.com/midnightntwrk/midnight-docs/7cd3bc1681699b41d5a856f7ab2efd9892c27166/docs/concepts/zero-knowledge-proofs.mdx> (referer: https://www.google.com/)
[2026-09-19 10:56:18] INFO: Fetched (200) <GET https://raw.githubusercontent.com/midnightntwrk/midnight-docs/7cd3bc1681699b41d5a856f7ab2efd9892c27166/docs/concepts/zk-snark-vs-zk-stark.mdx> (referer: https://www.google.com/)
[2026-09-19 10:56:18] INFO: Fetched (200) <GET https://raw.githubusercontent.com/midnightntwrk/midnight-docs/7cd3bc1681699b41d5a856f7ab2efd9892c27166/docs/concepts/zk-vs-fhe-vs-mpc.mdx> (referer: https://www.google.com/)
[2026-09-19 10:56:19] INFO: Fetched (200) <GET https://raw.githubusercontent.com/midnightntwrk/midnight-docs/7cd3bc1681699b41d5a856f7ab2efd9892c27166/docs/concepts/zswap.mdx> (referer: https://www.google.com/)
[2026-09-19 10:56:19] INFO: Fetched (200) <GET https://raw.githubusercontent.com/midnightntwrk/midnight-docs/7cd3bc1681699b41d5a856f7ab2efd9892c27166/docs/guides/_lace-wallet.mdx> (referer: https://www.google.com/)
[2026-09-19 10:56:20] INFO: Fetched (200) <GET https://raw.githubusercontent.com/midnightntwrk/midnight-docs/7cd3bc1681699b41d5a856f7ab2efd9892c27166/docs/guides/acquire-tokens.mdx> (referer: https://www.google.com/)
[2026-09-19 10:56:20] INFO: Fetched (200) <GET https://raw.githubusercontent.com/midnightntwrk/midnight-docs/7cd3bc1681699b41d5a856f7ab2efd9892c27166/docs/guides/build-cross-chain-dapp-with-effectstream.mdx> (referer: https://www.google.com/)
[2026-09-19 10:56:21] INFO: Fetched (200) <GET https://raw.githubusercontent.com/midnightntwrk/midnight-docs/7cd3bc1681699b41d5a856f7ab2efd9892c27166/docs/guides/compact-javascript-runtime.mdx> (referer: https://www.google.com/)
[2026-09-19 10:56:22] INFO: Fetched (200) <GET https://raw.githubusercontent.com/midnightntwrk/midnight-docs/7cd3bc1681699b41d5a856f7ab2efd9892c27166/docs/guides/deploy-and-operate.mdx> (referer: https://www.google.com/)
[2026-09-19 10:56:23] INFO: Fetched (200) <GET https://raw.githubusercontent.com/midnightntwrk/midnight-docs/7cd3bc1681699b41d5a856f7ab2efd9892c27166/docs/guides/dust-sponsorship.mdx> (referer: https://www.google.com/)
[2026-09-19 10:56:23] INFO: Fetched (200) <GET https://raw.githubusercontent.com/midnightntwrk/midnight-docs/7cd3bc1681699b41d5a856f7ab2efd9892c27166/docs/guides/index-state-with-effectstream.mdx> (referer: https://www.google.com/)
[2026-09-19 10:56:24] INFO: Fetched (200) <GET https://raw.githubusercontent.com/midnightntwrk/midnight-docs/7cd3bc1681699b41d5a856f7ab2efd9892c27166/docs/guides/install-bun-runtime-midnight.mdx> (referer: https://www.google.com/)
[2026-09-19 10:56:25] INFO: Fetched (200) <GET https://raw.githubusercontent.com/midnightntwrk/midnight-docs/7cd3bc1681699b41d5a856f7ab2efd9892c27166/docs/guides/local-proving.mdx> (referer: https://www.google.com/)
[2026-09-19 10:56:25] INFO: Fetched (200) <GET https://raw.githubusercontent.com/midnightntwrk/midnight-docs/7cd3bc1681699b41d5a856f7ab2efd9892c27166/docs/guides/networks-and-environments.mdx> (referer: https://www.google.com/)
[2026-09-19 10:56:26] INFO: Fetched (200) <GET https://raw.githubusercontent.com/midnightntwrk/midnight-docs/7cd3bc1681699b41d5a856f7ab2efd9892c27166/docs/guides/nextjs-wallet-connect.mdx> (referer: https://www.google.com/)
[2026-09-19 10:56:26] INFO: Fetched (200) <GET https://raw.githubusercontent.com/midnightntwrk/midnight-docs/7cd3bc1681699b41d5a856f7ab2efd9892c27166/docs/guides/react-wallet-connect.mdx> (referer: https://www.google.com/)
[2026-09-19 10:56:27] INFO: Fetched (200) <GET https://raw.githubusercontent.com/midnightntwrk/midnight-docs/7cd3bc1681699b41d5a856f7ab2efd9892c27166/docs/guides/run-proof-server.mdx> (referer: https://www.google.com/)
[2026-09-19 10:56:28] INFO: Fetched (200) <GET https://raw.githubusercontent.com/midnightntwrk/midnight-docs/7cd3bc1681699b41d5a856f7ab2efd9892c27166/docs/guides/security-best-practices.mdx> (referer: https://www.google.com/)
[2026-09-19 10:56:28] INFO: Fetched (200) <GET https://raw.githubusercontent.com/midnightntwrk/midnight-docs/7cd3bc1681699b41d5a856f7ab2efd9892c27166/docs/guides/windows-compact-setup.mdx> (referer: https://www.google.com/)
[2026-09-19 10:56:29] INFO: Fetched (200) <GET https://raw.githubusercontent.com/midnightntwrk/midnight-docs/7cd3bc1681699b41d5a856f7ab2efd9892c27166/docs/tutorials/_advanced/zk-loan-dapp.mdx> (referer: https://www.google.com/)
[2026-09-19 10:56:29] INFO: Fetched (200) <GET https://raw.githubusercontent.com/midnightntwrk/midnight-docs/7cd3bc1681699b41d5a856f7ab2efd9892c27166/docs/tutorials/_beginner/_bboard-contract.mdx> (referer: https://www.google.com/)
[2026-09-19 10:56:30] INFO: Fetched (200) <GET https://raw.githubusercontent.com/midnightntwrk/midnight-docs/7cd3bc1681699b41d5a856f7ab2efd9892c27166/docs/tutorials/_beginner/_index.mdx> (referer: https://www.google.com/)
[2026-09-19 10:56:30] INFO: Fetched (200) <GET https://raw.githubusercontent.com/midnightntwrk/midnight-docs/7cd3bc1681699b41d5a856f7ab2efd9892c27166/docs/tutorials/_intermediate/index.mdx> (referer: https://www.google.com/)
[2026-09-19 10:56:31] INFO: Fetched (200) <GET https://raw.githubusercontent.com/midnightntwrk/midnight-docs/7cd3bc1681699b41d5a856f7ab2efd9892c27166/docs/tutorials/bboard/bboard-api-implementation.mdx> (referer: https://www.google.com/)
[2026-09-19 10:56:32] INFO: Fetched (200) <GET https://raw.githubusercontent.com/midnightntwrk/midnight-docs/7cd3bc1681699b41d5a856f7ab2efd9892c27166/docs/tutorials/bboard/bboard-cli-implementation.mdx> (referer: https://www.google.com/)
[2026-09-19 10:56:32] INFO: Fetched (200) <GET https://raw.githubusercontent.com/midnightntwrk/midnight-docs/7cd3bc1681699b41d5a856f7ab2efd9892c27166/docs/tutorials/bboard/bboard-cli.mdx> (referer: https://www.google.com/)
[2026-09-19 10:56:33] INFO: Fetched (200) <GET https://raw.githubusercontent.com/midnightntwrk/midnight-docs/7cd3bc1681699b41d5a856f7ab2efd9892c27166/docs/tutorials/bboard/index.mdx> (referer: https://www.google.com/)
[2026-09-19 10:56:33] INFO: Fetched (200) <GET https://raw.githubusercontent.com/midnightntwrk/midnight-docs/7cd3bc1681699b41d5a856f7ab2efd9892c27166/docs/tutorials/bboard/smart-contract.mdx> (referer: https://www.google.com/)
[2026-09-19 10:56:34] INFO: Fetched (200) <GET https://raw.githubusercontent.com/midnightntwrk/midnight-docs/7cd3bc1681699b41d5a856f7ab2efd9892c27166/docs/tutorials/bship/index.mdx> (referer: https://www.google.com/)
[2026-09-19 10:56:34] INFO: Fetched (200) <GET https://raw.githubusercontent.com/midnightntwrk/midnight-docs/7cd3bc1681699b41d5a856f7ab2efd9892c27166/docs/tutorials/bship/smart-contract.mdx> (referer: https://www.google.com/)
[2026-09-19 10:56:35] INFO: Fetched (200) <GET https://raw.githubusercontent.com/midnightntwrk/midnight-docs/7cd3bc1681699b41d5a856f7ab2efd9892c27166/docs/tutorials/bship/test-suite.mdx> (referer: https://www.google.com/)
[2026-09-19 10:56:35] INFO: Fetched (200) <GET https://raw.githubusercontent.com/midnightntwrk/midnight-docs/7cd3bc1681699b41d5a856f7ab2efd9892c27166/docs/tutorials/index.mdx> (referer: https://www.google.com/)
[2026-09-19 10:56:36] INFO: Fetched (200) <GET https://raw.githubusercontent.com/midnightntwrk/midnight-docs/7cd3bc1681699b41d5a856f7ab2efd9892c27166/docs/tutorials/leaderboard/api-layer.mdx> (referer: https://www.google.com/)
[2026-09-19 10:56:36] INFO: Fetched (200) <GET https://raw.githubusercontent.com/midnightntwrk/midnight-docs/7cd3bc1681699b41d5a856f7ab2efd9892c27166/docs/tutorials/leaderboard/browser-dapp.mdx> (referer: https://www.google.com/)
[2026-09-19 10:56:37] INFO: Fetched (200) <GET https://raw.githubusercontent.com/midnightntwrk/midnight-docs/7cd3bc1681699b41d5a856f7ab2efd9892c27166/docs/tutorials/leaderboard/deployment.mdx> (referer: https://www.google.com/)
[2026-09-19 10:56:37] INFO: Fetched (200) <GET https://raw.githubusercontent.com/midnightntwrk/midnight-docs/7cd3bc1681699b41d5a856f7ab2efd9892c27166/docs/tutorials/leaderboard/index.mdx> (referer: https://www.google.com/)
[2026-09-19 10:56:38] INFO: Fetched (200) <GET https://raw.githubusercontent.com/midnightntwrk/midnight-docs/7cd3bc1681699b41d5a856f7ab2efd9892c27166/docs/tutorials/leaderboard/overview.mdx> (referer: https://www.google.com/)
[2026-09-19 10:56:39] INFO: Fetched (200) <GET https://raw.githubusercontent.com/midnightntwrk/midnight-docs/7cd3bc1681699b41d5a856f7ab2efd9892c27166/docs/tutorials/leaderboard/smart-contract.mdx> (referer: https://www.google.com/)
[2026-09-19 10:56:39] INFO: Fetched (200) <GET https://raw.githubusercontent.com/midnightntwrk/midnight-docs/7cd3bc1681699b41d5a856f7ab2efd9892c27166/docs/tutorials/private-party/index.md> (referer: https://www.google.com/)
[2026-09-19 10:56:40] INFO: Fetched (200) <GET https://raw.githubusercontent.com/midnightntwrk/midnight-docs/7cd3bc1681699b41d5a856f7ab2efd9892c27166/docs/tutorials/private-party/smart-contract.mdx> (referer: https://www.google.com/)
[2026-09-19 10:56:40] INFO: Fetched (200) <GET https://raw.githubusercontent.com/midnightntwrk/midnight-docs/7cd3bc1681699b41d5a856f7ab2efd9892c27166/docs/tutorials/zk-loan/attestation-api.mdx> (referer: https://www.google.com/)
[2026-09-19 10:56:41] INFO: Fetched (200) <GET https://raw.githubusercontent.com/midnightntwrk/midnight-docs/7cd3bc1681699b41d5a856f7ab2efd9892c27166/docs/tutorials/zk-loan/cli.mdx> (referer: https://www.google.com/)
[2026-09-19 10:56:41] INFO: Fetched (200) <GET https://raw.githubusercontent.com/midnightntwrk/midnight-docs/7cd3bc1681699b41d5a856f7ab2efd9892c27166/docs/tutorials/zk-loan/index.mdx> (referer: https://www.google.com/)
[2026-09-19 10:56:42] INFO: Fetched (200) <GET https://raw.githubusercontent.com/midnightntwrk/midnight-docs/7cd3bc1681699b41d5a856f7ab2efd9892c27166/docs/tutorials/zk-loan/smart-contract.mdx> (referer: https://www.google.com/)
[2026-09-19 10:56:42] INFO: Fetched (200) <GET https://raw.githubusercontent.com/midnightntwrk/midnight-js/98ab4ba7537f0a69b2188ebbe7f40aa2f4d6953f/LICENSE> (referer: https://www.google.com/)
[2026-09-19 10:56:43] INFO: Fetched (200) <GET https://raw.githubusercontent.com/midnightntwrk/midnight-js/98ab4ba7537f0a69b2188ebbe7f40aa2f4d6953f/packages/types/src/private-state-provider.ts> (referer: https://www.google.com/)
[2026-09-19 10:56:43] INFO: Fetched (200) <GET https://raw.githubusercontent.com/midnightntwrk/midnight-js/98ab4ba7537f0a69b2188ebbe7f40aa2f4d6953f/packages/level-private-state-provider/src/level-private-state-provider.ts> (referer: https://www.google.com/)
[2026-09-19 10:56:44] INFO: Fetched (200) <GET https://raw.githubusercontent.com/midnightntwrk/midnight-js/98ab4ba7537f0a69b2188ebbe7f40aa2f4d6953f/packages/level-private-state-provider/src/storage-encryption.ts> (referer: https://www.google.com/)
[2026-09-19 10:56:44] INFO: Fetched (200) <GET https://raw.githubusercontent.com/midnightntwrk/midnight-js/98ab4ba7537f0a69b2188ebbe7f40aa2f4d6953f/packages/level-private-state-provider/src/crypto-backend.ts> (referer: https://www.google.com/)
[2026-09-19 10:56:45] INFO: Fetched (200) <GET https://raw.githubusercontent.com/midnightntwrk/midnight-js/98ab4ba7537f0a69b2188ebbe7f40aa2f4d6953f/packages/level-private-state-provider/package.json> (referer: https://www.google.com/)
[2026-09-19 10:56:46] INFO: Fetched (200) <GET https://raw.githubusercontent.com/midnightntwrk/midnight-js/98ab4ba7537f0a69b2188ebbe7f40aa2f4d6953f/packages/contracts/src/internal/transaction.ts> (referer: https://www.google.com/)
[2026-09-19 10:56:46] INFO: Fetched (200) <GET https://raw.githubusercontent.com/midnightntwrk/midnight-js/98ab4ba7537f0a69b2188ebbe7f40aa2f4d6953f/packages/contracts/src/internal/ledger8-entry.ts> (referer: https://www.google.com/)
[2026-09-19 10:56:47] INFO: Fetched (200) <GET https://raw.githubusercontent.com/midnightntwrk/example-bboard/38bfac8c574abb0c5a96c9e076779716c3e88231/LICENSE> (referer: https://www.google.com/)
[2026-09-19 10:56:47] INFO: Fetched (200) <GET https://raw.githubusercontent.com/midnightntwrk/example-bboard/38bfac8c574abb0c5a96c9e076779716c3e88231/contract/src/witnesses.ts> (referer: https://www.google.com/)
[2026-09-19 10:56:48] INFO: Fetched (200) <GET https://raw.githubusercontent.com/midnightntwrk/midnight-passport-sdk/5dff89f62151de5ed91f88ef036c48899186a0e7/README.md> (referer: https://www.google.com/)
[2026-09-19 10:56:49] INFO: Fetched (200) <GET https://raw.githubusercontent.com/midnightntwrk/midnight-passport-sdk/5dff89f62151de5ed91f88ef036c48899186a0e7/docs/beta-scope.md> (referer: https://www.google.com/)
[2026-09-19 10:56:49] INFO: Fetched (200) <GET https://raw.githubusercontent.com/midnightntwrk/midnight-passport-sdk/5dff89f62151de5ed91f88ef036c48899186a0e7/docs/architecture.md> (referer: https://www.google.com/)
{"selected": 114, "ok": 114}
